Base path: '/Applications/Unity/Hub/Editor/6000.3.12f1/Unity.app/Contents', plugins path '/Applications/Unity/Hub/Editor/6000.3.12f1/Unity.app/Contents/PlaybackEngines', jobs: y
Cmd: initializeCompiler

Cmd: initializeCompiler

Cmd: initializeCompiler

Cmd: initializeCompiler

Cmd: compileSnippet
  insize=82477 file=Assets/Shaders/Visualization_DirectVolumeRenderer.shader name=VolumeRendering/Visualization_DVR pass=<Unnamed Pass 0> ppOnly=0 stripLineD=0 buildPlatform=2 rsLen=0 pKW=UNITY_ENABLE_REFLECTION_BUFFERS UNITY_FRAMEBUFFER_FETCH_AVAILABLE UNITY_USE_DITHER_MASK_FOR_ALPHABLENDED_SHADOWS UNITY_PBS_USE_BRDF1 UNITY_SPECCUBE_BOX_PROJECTION UNITY_SPECCUBE_BLENDING UNITY_ENABLE_DETAIL_NORMALMAP SHADER_API_DESKTOP UNITY_LIGHT_PROBE_PROXY_VOLUME UNITY_LIGHTMAP_FULL_HDR UNITY_NEEDS_RENDERPASS_FBFETCH_FALLBACK uKW=STOCHASTIC_JITTER _RENDERING_RETINA_BLINN_PHONG _SECTION_ALL RPE_BP_OnlyFirstHit IBVessel_BP_OnlyFirstHit RPE_Receive_Shadows IBVessel_Receive_Shadows ShowShadows USE_VESSEL_SKELETON_SEG UI_RPE_SECTION_ACTIVE UI_VESSEL_SECTION_ACTIVE UI_IBVESSEL_SECTION_ACTIVE ENHANCE_SPECLES dKW=CLIPPING_PLANES _RENDERING_ACCUMULATE _RENDERING_MAXIMUM _RENDERING_COMPOSITING _RENDERING_BLINN_PHONG _RENDERING_SHADED_COMPOSITING _RENDERING_CUSTOM_TRANSFERFUNCTION _RENDERING_EXPERIMENTAL _RENDERING_DEBUG_EXPERIMENTAL _SECTION_ILM _SECTION_RPE _SECTION_INSTRUMENT _SECTION_VESSEL _SECTION_INBETWEENVESSELS USE_ENFACE_COLOR ILM_BP_OnlyFirstHit Inst_BP_OnlyFirstHit Vessel_BP_OnlyFirstHit ILM_Receive_Shadows Vessel_Receive_Shadows ReduceFraying USE_OAC_VESSEL_SEG USE_MANUAL_VESSEL_SEG USE_ENFACE_VESSEL_SEG USE_VESSEL_SKELETON_SEG_FROM_RADIUS_MAP UI_ILM_SECTION_ACTIVE UI_INST_SECTION_ACTIVE ENHANCE_SPECLES_ENFACE_COLORING UNITY_NO_DXT5nm UNITY_METAL_SHADOWS_USE_POINT_FILTERING UNITY_NO_SCREENSPACE_SHADOWS UNITY_PBS_USE_BRDF2 UNITY_PBS_USE_BRDF3 UNITY_HARDWARE_TIER1 UNITY_HARDWARE_TIER2 UNITY_HARDWARE_TIER3 UNITY_COLORSPACE_GAMMA UNITY_LIGHTMAP_DLDR_ENCODING UNITY_LIGHTMAP_RGBM_ENCODING UNITY_VIRTUAL_TEXTURING UNITY_PRETRANSFORM_TO_DISPLAY_ORIENTATION UNITY_ASTC_NORMALMAP_ENCODING SHADER_API_GLES30 SHADER_API_GLES31 SHADER_API_GLES32 UNITY_UNIFIED_SHADER_PRECISION_MODEL flags=4294967328 lang=0 type=Vertex platform=metal reqs=227 mask=6 start=242 ok=1 outsize=2832

Cmd: compileSnippet
  insize=82477 file=Assets/Shaders/Visualization_DirectVolumeRenderer.shader name=VolumeRendering/Visualization_DVR pass=<Unnamed Pass 0> ppOnly=0 stripLineD=0 buildPlatform=2 rsLen=0 pKW=UNITY_ENABLE_REFLECTION_BUFFERS UNITY_FRAMEBUFFER_FETCH_AVAILABLE UNITY_USE_DITHER_MASK_FOR_ALPHABLENDED_SHADOWS UNITY_PBS_USE_BRDF1 UNITY_SPECCUBE_BOX_PROJECTION UNITY_SPECCUBE_BLENDING UNITY_ENABLE_DETAIL_NORMALMAP SHADER_API_DESKTOP UNITY_LIGHT_PROBE_PROXY_VOLUME UNITY_LIGHTMAP_FULL_HDR UNITY_NEEDS_RENDERPASS_FBFETCH_FALLBACK uKW=STOCHASTIC_JITTER _RENDERING_RETINA_BLINN_PHONG _SECTION_ALL RPE_BP_OnlyFirstHit IBVessel_BP_OnlyFirstHit RPE_Receive_Shadows IBVessel_Receive_Shadows ShowShadows USE_VESSEL_SKELETON_SEG UI_RPE_SECTION_ACTIVE UI_VESSEL_SECTION_ACTIVE UI_IBVESSEL_SECTION_ACTIVE ENHANCE_SPECLES dKW=CLIPPING_PLANES _RENDERING_ACCUMULATE _RENDERING_MAXIMUM _RENDERING_COMPOSITING _RENDERING_BLINN_PHONG _RENDERING_SHADED_COMPOSITING _RENDERING_CUSTOM_TRANSFERFUNCTION _RENDERING_EXPERIMENTAL _RENDERING_DEBUG_EXPERIMENTAL _SECTION_ILM _SECTION_RPE _SECTION_INSTRUMENT _SECTION_VESSEL _SECTION_INBETWEENVESSELS USE_ENFACE_COLOR ILM_BP_OnlyFirstHit Inst_BP_OnlyFirstHit Vessel_BP_OnlyFirstHit ILM_Receive_Shadows Vessel_Receive_Shadows ReduceFraying USE_OAC_VESSEL_SEG USE_MANUAL_VESSEL_SEG USE_ENFACE_VESSEL_SEG USE_VESSEL_SKELETON_SEG_FROM_RADIUS_MAP UI_ILM_SECTION_ACTIVE UI_INST_SECTION_ACTIVE ENHANCE_SPECLES_ENFACE_COLORING UNITY_NO_DXT5nm UNITY_METAL_SHADOWS_USE_POINT_FILTERING UNITY_NO_SCREENSPACE_SHADOWS UNITY_PBS_USE_BRDF2 UNITY_PBS_USE_BRDF3 UNITY_HARDWARE_TIER1 UNITY_HARDWARE_TIER2 UNITY_HARDWARE_TIER3 UNITY_COLORSPACE_GAMMA UNITY_LIGHTMAP_DLDR_ENCODING UNITY_LIGHTMAP_RGBM_ENCODING UNITY_VIRTUAL_TEXTURING UNITY_PRETRANSFORM_TO_DISPLAY_ORIENTATION UNITY_ASTC_NORMALMAP_ENCODING SHADER_API_GLES30 SHADER_API_GLES31 SHADER_API_GLES32 UNITY_UNIFIED_SHADER_PRECISION_MODEL flags=4294967328 lang=0 type=Fragment platform=metal reqs=227 mask=6 start=242  error: 1 plat 14 at Assets/Shaders/Visualization_DirectVolumeRenderer.shader(784): gradient instruction used in a loop with varying iteration; partial derivatives may have undefined value
  error: 1 plat 14 at Assets/Shaders/Visualization_DirectVolumeRenderer.shader(785): gradient instruction used in a loop with varying iteration; partial derivatives may have undefined value
  error: 1 plat 14 at Assets/Shaders/Visualization_DirectVolumeRenderer.shader(786): gradient instruction used in a loop with varying iteration; partial derivatives may have undefined value
  error: 1 plat 14 at Assets/Shaders/Visualization_DirectVolumeRenderer.shader(787): gradient instruction used in a loop with varying iteration; partial derivatives may have undefined value
  error: 1 plat 14 at Assets/Shaders/Visualization_DirectVolumeRenderer.shader(788): gradient instruction used in a loop with varying iteration; partial derivatives may have undefined value
  error: 1 plat 14 at Assets/Shaders/Visualization_DirectVolumeRenderer.shader(789): gradient instruction used in a loop with varying iteration; partial derivatives may have undefined value
  error: 1 plat 14 at Assets/Shaders/Visualization_DirectVolumeRenderer.shader(805): gradient instruction used in a loop with varying iteration; partial derivatives may have undefined value
  error: 1 plat 14 at Assets/Shaders/Visualization_DirectVolumeRenderer.shader(806): gradient instruction used in a loop with varying iteration; partial derivatives may have undefined value
  error: 1 plat 14 at Assets/Shaders/Visualization_DirectVolumeRenderer.shader(807): gradient instruction used in a loop with varying iteration; partial derivatives may have undefined value
  error: 1 plat 14 at Assets/Shaders/Visualization_DirectVolumeRenderer.shader(808): gradient instruction used in a loop with varying iteration; partial derivatives may have undefined value
  error: 1 plat 14 at Assets/Shaders/Visualization_DirectVolumeRenderer.shader(809): gradient instruction used in a loop with varying iteration; partial derivatives may have undefined value
  error: 1 plat 14 at Assets/Shaders/Visualization_DirectVolumeRenderer.shader(810): gradient instruction used in a loop with varying iteration; partial derivatives may have undefined value
  error: 1 plat 14 at Assets/Shaders/Visualization_DirectVolumeRenderer.shader(895): gradient instruction used in a loop with varying iteration; partial derivatives may have undefined value
  error: 1 plat 14 at Assets/Shaders/Visualization_DirectVolumeRenderer.shader(910): gradient instruction used in a loop with varying iteration; partial derivatives may have undefined value
  error: 1 plat 14 at Assets/Shaders/Visualization_DirectVolumeRenderer.shader(919): gradient instruction used in a loop with varying iteration; partial derivatives may have undefined value
  error: 1 plat 14 at Assets/Shaders/Visualization_DirectVolumeRenderer.shader(928): gradient instruction used in a loop with varying iteration; partial derivatives may have undefined value
  error: 1 plat 14 at Assets/Shaders/Visualization_DirectVolumeRenderer.shader(1002): gradient instruction used in a loop with varying iteration; partial derivatives may have undefined value
  error: 1 plat 14 at Assets/Shaders/Visualization_DirectVolumeRenderer.shader(1004): gradient instruction used in a loop with varying iteration; partial derivatives may have undefined value
  error: 1 plat 14 at Assets/Shaders/Visualization_DirectVolumeRenderer.shader(1158): gradient instruction used in a loop with varying iteration; partial derivatives may have undefined value
  error: 1 plat 14 at Assets/Shaders/Visualization_DirectVolumeRenderer.shader(1191): gradient instruction used in a loop with varying iteration; partial derivatives may have undefined value
  error: 1 plat 14 at Assets/Shaders/Visualization_DirectVolumeRenderer.shader(1202): gradient instruction used in a loop with varying iteration; partial derivatives may have undefined value
  error: 1 plat 14 at Assets/Shaders/Visualization_DirectVolumeRenderer.shader(1203): gradient instruction used in a loop with varying iteration; partial derivatives may have undefined value
  error: 1 plat 14 at Assets/Shaders/Visualization_DirectVolumeRenderer.shader(1665): gradient instruction used in a loop with varying iteration; partial derivatives may have undefined value
  error: 1 plat 14 at Assets/Shaders/Visualization_DirectVolumeRenderer.shader(1668): gradient instruction used in a loop with varying iteration; partial derivatives may have undefined value
  error: 1 plat 14 at Assets/Shaders/Visualization_DirectVolumeRenderer.shader(1670): gradient instruction used in a loop with varying iteration; partial derivatives may have undefined value
  error: 1 plat 14 at Assets/Shaders/Visualization_DirectVolumeRenderer.shader(1718): gradient instruction used in a loop with varying iteration; partial derivatives may have undefined value
 ok=1 outsize=32344

Unhandled exception: Protocol error - failed to read magic number. Error code 0x80000004 (Not connected). (transferred 0/4)

Quitting shader compiler process
